=== Phoenix V3 tier batch: Tier 2 (medium) (300 cc) ===
trials=10000 workers=12 cycles=8 seed=43 resume=True
frequency_hz search: 31.5-60.9
corpus: phoenix_v3_tuning_corpus_v3.csv
export: phoenix_v3_best_tuning_v3.json

========================================================================
PHOENIX V3 — AUTOMATED TUNING RESULT (v2 search space)
========================================================================
  New trials this run:  10000
  Total corpus size:   35000
  Elapsed:             762.4 s
  Corpus path:         C:\Users\c52444a\Desktop\project Phoenix\designs\phoenix_v3_tuning_corpus_v3.csv

  Best STABLE config by harvest score:
    Net fuel-to-electric: 55.0%  (target > 40%)
    Harvest score:        0.7623
    Generator capture:    79.0%
    BDC travel:           15.1 mm
    Electrical/cycle:     480.4 J
    Spring recovery:      95.0%
    Power-stroke KE:      0.0% of expansion
    Unharvested (power):  1.7% of expansion
    Eelec / Espring:      4.04
    Peak pressure:        94 bar
    RGF / scavenging:     1.0% / 99.0%
    Stable / balanced:    True / True

  Recommended parameters:
    generator_force_scale           3.000
    generator_rated_force_n          7800
    generator_spring_decouple       0.149
    air_spring_reference_bar       10.000
    air_spring_max_cc                55.9
    air_spring_min_cc                46.0
    air_spring_expansion_gain       0.550
    air_spring_compression_gain     1.300
    generator_adaptive_profile      0.166
    exhaust_open_ms                  8.74
    load_fraction                   0.950
    frequency_hz                    110.0
    combustion_pressure_gain        1.536
    burn_duration_ms                 2.20
    damping_n_s_m                  32.944
    ignition_ms                      4.22
    compression_ratio              14.500

  Top 5 by harvest score (stable preferred):
  Rank    Enet    Score    Cap%    BDC   Eelec    Spr    KE%  Stab
     1  55.0%   0.7623  79.0%   15.1   480.4   95%     0  OK
     2  55.0%   0.7623  78.9%   15.1   480.4   95%     0  OK
     3  55.0%   0.7622  79.0%   14.8   475.4   95%     0  OK
     4  55.0%   0.7621  78.9%   15.0   480.4   95%     0  OK
     5  55.0%   0.7621  78.6%   15.7   480.4   95%     0  OK

  Corpus stats:  >=24% net: 33653  |  >=20% net: 33796

  Parameter sensitivity (vs net efficiency):
    + generator_force_scale        +0.667  +++++++++++++
    + generator_rated_force_n      +0.641  ++++++++++++
    - air_spring_reference_bar     -0.638  ++++++++++++
    + load_fraction                +0.587  +++++++++++
    - air_spring_expansion_gain    -0.586  +++++++++++
    - generator_spring_decouple    -0.462  +++++++++
    + frequency_hz                 +0.437  ++++++++
    - generator_adaptive_profile   -0.411  ++++++++
========================================================================

  Scale up further:
    py -3 designs/phoenix_v3_optimizer.py --trials 2000 --workers 8 --resume --cycles 8

  Re-run best config (full vector — includes frequency):
    py -3 designs/phoenix_v3_simulation.py --headless --cycles 10 --frequency 110.0 --generator-scale 3.000 --exhaust-open-ms 8.74 --spring-ref-bar 10.0 --load 0.95
  Or load exported JSON:
    py -3 designs/phoenix_v3_simulation.py --headless --best-tuning --cycles 10


Completed medium in 12.9 min (10000 trials, corpus=35000)
Best net efficiency: 55.0%
